<html>
<body>
<pre>
<h1>µVision Build Log</h1>
<h2>Tool Versions:</h2>
IDE-Version: ¦ÌVision V5.36.0.0
Copyright (C) 2021 ARM Ltd and ARM Germany GmbH. All rights reserved.
License Information: fengwu zheng, none, LIC=----
 
Tool Versions:
Toolchain:       MDK-Lite  Version: 5.36.0.0
Toolchain Path:  D:\Programs\Keil_v5\ARM\ARMCC\Bin
C Compiler:      Armcc.exe V5.06 update 7 (build 960)
Assembler:       Armasm.exe V5.06 update 7 (build 960)
Linker/Locator:  ArmLink.exe V5.06 update 7 (build 960)
Library Manager: ArmAr.exe V5.06 update 7 (build 960)
Hex Converter:   FromElf.exe V5.06 update 7 (build 960)
CPU DLL:         SARMCM3.DLL V5.36.0.0
Dialog DLL:      DARMCM1.DLL V1.19.4.0
Target DLL:      CMSIS_AGDI.dll V1.33.0.0
Dialog DLL:      TARMCM1.DLL V1.14.4.0
 
<h2>Project:</h2>
E:\workspace\sino_learn_out\SINO_MS32F031_Demo_V0.2\BlinkLED_Printf\Keil_Project\BlinkLED_Printf.uvprojx
Project File Date:  10/27/2021

<h2>Output:</h2>
*** Using Compiler 'V5.06 update 7 (build 960)', folder: 'D:\Programs\Keil_v5\ARM\ARMCC\Bin'
Rebuild target 'BlinkLED_Printf'
assembling startup_ms32f031.s...
compiling system_ms32f0xx.c...
compiling SysTick_Delay.c...
compiling GPIO_CFG.c...
compiling ms32f0xx_it.c...
compiling USART1_CFG.c...
compiling main.c...
compiling ms32f0xx_adc.c...
compiling ms32f0xx_dma.c...
compiling ms32f0xx_crc.c...
compiling ms32f0xx_i2c.c...
compiling ms32f0xx_exti.c...
compiling ms32f0xx_comp.c...
compiling ms32f0xx_flash.c...
compiling ms32f0xx_gpio.c...
compiling ms32f0xx_pwr.c...
compiling ms32f0xx_iwdg.c...
compiling ms32f0xx_opamp.c...
compiling ms32f0xx_spi.c...
compiling ms32f0xx_tim.c...
compiling ms32f0xx_rcc.c...
compiling ms32f0xx_rtc.c...
compiling ms32f0xx_wwdg.c...
compiling ms32f0xx_utils.c...
compiling ms32f0xx_usart.c...
linking...
Program Size: Code=2644 RO-data=272 RW-data=12 ZI-data=1028  
FromELF: creating hex file...
".\Objects\BlinkLED_Printf.axf" - 0 Error(s), 0 Warning(s).

<h2>Software Packages used:</h2>

Package Vendor: Sinomcu
                http://www.keil.com/pack/Sinomcu.MS32F0xx_DFP.1.0.0.pack
                Sinomcu.MS32F0xx_DFP.1.0.0
                Sinomcu MS32F0 Series Device Support, Drivers and Examples

<h2>Collection of Component include folders:</h2>
  D:\Programs\Keil_v5\Arm\Packs\Sinomcu\MS32F0xx_DFP\1.0.0\Code\chip\ms32f0xx\include

<h2>Collection of Component Files used:</h2>
Build Time Elapsed:  00:00:04
</pre>
</body>
</html>
