<!doctype html public "-//w3c//dtd html 4.0 transitional//en">
<html><head>
<title>Static Call Graph - [.\Objects\BlinkLED_Printf.axf]</title></head>
<body><HR>
<H1>Static Call Graph for image .\Objects\BlinkLED_Printf.axf</H1><HR>
<BR><P>#&#060CALLGRAPH&#062# ARM Linker, 5060960: Last Updated: Sun Nov 07 13:54:40 2021
<BR><P>
<H3>Maximum Stack Usage =         64 bytes + Unknown(Cycles, Untraceable Function Pointers)</H3><H3>
Call chain for Maximum Stack Depth:</H3>
main &rArr; GPIO_Initialization &rArr; MS32_GPIO_Init &rArr; MS32_AHB1_GRP1_EnableClock
<P>
<H3>
Mutually Recursive functions
</H3> <LI><a href="#[1]">NMI_Handler</a>&nbsp;&nbsp;&nbsp;&rArr;&nbsp;&nbsp;&nbsp;<a href="#[1]">NMI_Handler</a><BR>
 <LI><a href="#[2]">HardFault_Handler</a>&nbsp;&nbsp;&nbsp;&rArr;&nbsp;&nbsp;&nbsp;<a href="#[2]">HardFault_Handler</a><BR>
 <LI><a href="#[3]">SVC_Handler</a>&nbsp;&nbsp;&nbsp;&rArr;&nbsp;&nbsp;&nbsp;<a href="#[3]">SVC_Handler</a><BR>
 <LI><a href="#[4]">PendSV_Handler</a>&nbsp;&nbsp;&nbsp;&rArr;&nbsp;&nbsp;&nbsp;<a href="#[4]">PendSV_Handler</a><BR>
 <LI><a href="#[11]">ADC1_COMP_IRQHandler</a>&nbsp;&nbsp;&nbsp;&rArr;&nbsp;&nbsp;&nbsp;<a href="#[11]">ADC1_COMP_IRQHandler</a><BR>
</UL>
<P>
<H3>
Function Pointers
</H3><UL>
 <LI><a href="#[11]">ADC1_COMP_IRQHandler</a> from startup_ms32f031.o(.text) referenced from startup_ms32f031.o(RESET)
 <LI><a href="#[e]">DMA1_Channel1_IRQHandler</a> from startup_ms32f031.o(.text) referenced from startup_ms32f031.o(RESET)
 <LI><a href="#[f]">DMA1_Channel2_3_IRQHandler</a> from startup_ms32f031.o(.text) referenced from startup_ms32f031.o(RESET)
 <LI><a href="#[10]">DMA1_Channel4_5_IRQHandler</a> from startup_ms32f031.o(.text) referenced from startup_ms32f031.o(RESET)
 <LI><a href="#[b]">EXTI0_1_IRQHandler</a> from startup_ms32f031.o(.text) referenced from startup_ms32f031.o(RESET)
 <LI><a href="#[c]">EXTI2_3_IRQHandler</a> from startup_ms32f031.o(.text) referenced from startup_ms32f031.o(RESET)
 <LI><a href="#[d]">EXTI4_15_IRQHandler</a> from startup_ms32f031.o(.text) referenced from startup_ms32f031.o(RESET)
 <LI><a href="#[9]">FLASH_IRQHandler</a> from startup_ms32f031.o(.text) referenced from startup_ms32f031.o(RESET)
 <LI><a href="#[2]">HardFault_Handler</a> from startup_ms32f031.o(.text) referenced from startup_ms32f031.o(RESET)
 <LI><a href="#[19]">I2C1_IRQHandler</a> from startup_ms32f031.o(.text) referenced from startup_ms32f031.o(RESET)
 <LI><a href="#[1]">NMI_Handler</a> from startup_ms32f031.o(.text) referenced from startup_ms32f031.o(RESET)
 <LI><a href="#[7]">PVD_IRQHandler</a> from startup_ms32f031.o(.text) referenced from startup_ms32f031.o(RESET)
 <LI><a href="#[4]">PendSV_Handler</a> from startup_ms32f031.o(.text) referenced from startup_ms32f031.o(RESET)
 <LI><a href="#[a]">RCC_IRQHandler</a> from startup_ms32f031.o(.text) referenced from startup_ms32f031.o(RESET)
 <LI><a href="#[8]">RTC_IRQHandler</a> from startup_ms32f031.o(.text) referenced from startup_ms32f031.o(RESET)
 <LI><a href="#[0]">Reset_Handler</a> from startup_ms32f031.o(.text) referenced from startup_ms32f031.o(RESET)
 <LI><a href="#[1a]">SPI1_IRQHandler</a> from startup_ms32f031.o(.text) referenced from startup_ms32f031.o(RESET)
 <LI><a href="#[3]">SVC_Handler</a> from startup_ms32f031.o(.text) referenced from startup_ms32f031.o(RESET)
 <LI><a href="#[5]">SysTick_Handler</a> from ms32f0xx_it.o(i.SysTick_Handler) referenced from startup_ms32f031.o(RESET)
 <LI><a href="#[1d]">SystemInit</a> from system_ms32f0xx.o(i.SystemInit) referenced from startup_ms32f031.o(.text)
 <LI><a href="#[16]">TIM14_IRQHandler</a> from startup_ms32f031.o(.text) referenced from startup_ms32f031.o(RESET)
 <LI><a href="#[17]">TIM16_IRQHandler</a> from startup_ms32f031.o(.text) referenced from startup_ms32f031.o(RESET)
 <LI><a href="#[18]">TIM17_IRQHandler</a> from startup_ms32f031.o(.text) referenced from startup_ms32f031.o(RESET)
 <LI><a href="#[12]">TIM1_BRK_UP_TRG_COM_IRQHandler</a> from startup_ms32f031.o(.text) referenced from startup_ms32f031.o(RESET)
 <LI><a href="#[13]">TIM1_CC_IRQHandler</a> from startup_ms32f031.o(.text) referenced from startup_ms32f031.o(RESET)
 <LI><a href="#[14]">TIM2_IRQHandler</a> from startup_ms32f031.o(.text) referenced from startup_ms32f031.o(RESET)
 <LI><a href="#[15]">TIM3_IRQHandler</a> from startup_ms32f031.o(.text) referenced from startup_ms32f031.o(RESET)
 <LI><a href="#[1b]">USART1_IRQHandler</a> from startup_ms32f031.o(.text) referenced from startup_ms32f031.o(RESET)
 <LI><a href="#[6]">WWDG_IRQHandler</a> from startup_ms32f031.o(.text) referenced from startup_ms32f031.o(RESET)
 <LI><a href="#[1e]">__main</a> from entry.o(.ARM.Collect$$$$00000000) referenced from startup_ms32f031.o(.text)
 <LI><a href="#[1f]">fputc</a> from main.o(i.fputc) referenced from printf1.o(i.__0printf$1)
 <LI><a href="#[1c]">main</a> from main.o(i.main) referenced from entry9a.o(.ARM.Collect$$$$0000000B)
</UL>
<P>
<H3>
Global Symbols
</H3>
<P><STRONG><a name="[1e]"></a>__main</STRONG> (Thumb, 0 bytes, Stack size unknown bytes, entry.o(.ARM.Collect$$$$00000000))
<BR>[Address Reference Count : 1]<UL><LI> startup_ms32f031.o(.text)
</UL>
<P><STRONG><a name="[32]"></a>_main_stk</STRONG> (Thumb, 0 bytes, Stack size unknown bytes, entry2.o(.ARM.Collect$$$$00000001))

<P><STRONG><a name="[20]"></a>_main_scatterload</STRONG> (Thumb, 0 bytes, Stack size unknown bytes, entry5.o(.ARM.Collect$$$$00000004))
<BR><BR>[Calls]<UL><LI><a href="#[21]">&gt;&gt;</a>&nbsp;&nbsp;&nbsp;__scatterload
</UL>

<P><STRONG><a name="[24]"></a>__main_after_scatterload</STRONG> (Thumb, 0 bytes, Stack size unknown bytes, entry5.o(.ARM.Collect$$$$00000004))
<BR><BR>[Called By]<UL><LI><a href="#[21]">&gt;&gt;</a>&nbsp;&nbsp;&nbsp;__scatterload
</UL>

<P><STRONG><a name="[33]"></a>_main_clock</STRONG> (Thumb, 0 bytes, Stack size unknown bytes, entry7b.o(.ARM.Collect$$$$00000008))

<P><STRONG><a name="[34]"></a>_main_cpp_init</STRONG> (Thumb, 0 bytes, Stack size unknown bytes, entry8b.o(.ARM.Collect$$$$0000000A))

<P><STRONG><a name="[35]"></a>_main_init</STRONG> (Thumb, 0 bytes, Stack size unknown bytes, entry9a.o(.ARM.Collect$$$$0000000B))

<P><STRONG><a name="[22]"></a>__rt_lib_shutdown_fini</STRONG> (Thumb, 0 bytes, Stack size unknown bytes, entry12b.o(.ARM.Collect$$$$0000000E))
<BR><BR>[Calls]<UL><LI><a href="#[23]">&gt;&gt;</a>&nbsp;&nbsp;&nbsp;__arm_fini_ (Weak Reference)
</UL>

<P><STRONG><a name="[36]"></a>__rt_final_cpp</STRONG> (Thumb, 0 bytes, Stack size unknown bytes, entry10a.o(.ARM.Collect$$$$0000000F))

<P><STRONG><a name="[37]"></a>__rt_final_exit</STRONG> (Thumb, 0 bytes, Stack size unknown bytes, entry11a.o(.ARM.Collect$$$$00000011))

<P><STRONG><a name="[0]"></a>Reset_Handler</STRONG> (Thumb, 8 bytes, Stack size 0 bytes, startup_ms32f031.o(.text))
<BR>[Address Reference Count : 1]<UL><LI> startup_ms32f031.o(RESET)
</UL>
<P><STRONG><a name="[1]"></a>NMI_Handler</STRONG> (Thumb, 2 bytes, Stack size 0 bytes, startup_ms32f031.o(.text))
<BR><BR>[Calls]<UL><LI><a href="#[1]">&gt;&gt;</a>&nbsp;&nbsp;&nbsp;NMI_Handler
</UL>
<BR>[Called By]<UL><LI><a href="#[1]">&gt;&gt;</a>&nbsp;&nbsp;&nbsp;NMI_Handler
</UL>
<BR>[Address Reference Count : 1]<UL><LI> startup_ms32f031.o(RESET)
</UL>
<P><STRONG><a name="[2]"></a>HardFault_Handler</STRONG> (Thumb, 2 bytes, Stack size 0 bytes, startup_ms32f031.o(.text))
<BR><BR>[Calls]<UL><LI><a href="#[2]">&gt;&gt;</a>&nbsp;&nbsp;&nbsp;HardFault_Handler
</UL>
<BR>[Called By]<UL><LI><a href="#[2]">&gt;&gt;</a>&nbsp;&nbsp;&nbsp;HardFault_Handler
</UL>
<BR>[Address Reference Count : 1]<UL><LI> startup_ms32f031.o(RESET)
</UL>
<P><STRONG><a name="[3]"></a>SVC_Handler</STRONG> (Thumb, 2 bytes, Stack size 0 bytes, startup_ms32f031.o(.text))
<BR><BR>[Calls]<UL><LI><a href="#[3]">&gt;&gt;</a>&nbsp;&nbsp;&nbsp;SVC_Handler
</UL>
<BR>[Called By]<UL><LI><a href="#[3]">&gt;&gt;</a>&nbsp;&nbsp;&nbsp;SVC_Handler
</UL>
<BR>[Address Reference Count : 1]<UL><LI> startup_ms32f031.o(RESET)
</UL>
<P><STRONG><a name="[4]"></a>PendSV_Handler</STRONG> (Thumb, 2 bytes, Stack size 0 bytes, startup_ms32f031.o(.text))
<BR><BR>[Calls]<UL><LI><a href="#[4]">&gt;&gt;</a>&nbsp;&nbsp;&nbsp;PendSV_Handler
</UL>
<BR>[Called By]<UL><LI><a href="#[4]">&gt;&gt;</a>&nbsp;&nbsp;&nbsp;PendSV_Handler
</UL>
<BR>[Address Reference Count : 1]<UL><LI> startup_ms32f031.o(RESET)
</UL>
<P><STRONG><a name="[11]"></a>ADC1_COMP_IRQHandler</STRONG> (Thumb, 0 bytes, Stack size 0 bytes, startup_ms32f031.o(.text))
<BR><BR>[Calls]<UL><LI><a href="#[11]">&gt;&gt;</a>&nbsp;&nbsp;&nbsp;ADC1_COMP_IRQHandler
</UL>
<BR>[Called By]<UL><LI><a href="#[11]">&gt;&gt;</a>&nbsp;&nbsp;&nbsp;ADC1_COMP_IRQHandler
</UL>
<BR>[Address Reference Count : 1]<UL><LI> startup_ms32f031.o(RESET)
</UL>
<P><STRONG><a name="[e]"></a>DMA1_Channel1_IRQHandler</STRONG> (Thumb, 0 bytes, Stack size 0 bytes, startup_ms32f031.o(.text))
<BR>[Address Reference Count : 1]<UL><LI> startup_ms32f031.o(RESET)
</UL>
<P><STRONG><a name="[f]"></a>DMA1_Channel2_3_IRQHandler</STRONG> (Thumb, 0 bytes, Stack size 0 bytes, startup_ms32f031.o(.text))
<BR>[Address Reference Count : 1]<UL><LI> startup_ms32f031.o(RESET)
</UL>
<P><STRONG><a name="[10]"></a>DMA1_Channel4_5_IRQHandler</STRONG> (Thumb, 0 bytes, Stack size 0 bytes, startup_ms32f031.o(.text))
<BR>[Address Reference Count : 1]<UL><LI> startup_ms32f031.o(RESET)
</UL>
<P><STRONG><a name="[b]"></a>EXTI0_1_IRQHandler</STRONG> (Thumb, 0 bytes, Stack size 0 bytes, startup_ms32f031.o(.text))
<BR>[Address Reference Count : 1]<UL><LI> startup_ms32f031.o(RESET)
</UL>
<P><STRONG><a name="[c]"></a>EXTI2_3_IRQHandler</STRONG> (Thumb, 0 bytes, Stack size 0 bytes, startup_ms32f031.o(.text))
<BR>[Address Reference Count : 1]<UL><LI> startup_ms32f031.o(RESET)
</UL>
<P><STRONG><a name="[d]"></a>EXTI4_15_IRQHandler</STRONG> (Thumb, 0 bytes, Stack size 0 bytes, startup_ms32f031.o(.text))
<BR>[Address Reference Count : 1]<UL><LI> startup_ms32f031.o(RESET)
</UL>
<P><STRONG><a name="[9]"></a>FLASH_IRQHandler</STRONG> (Thumb, 0 bytes, Stack size 0 bytes, startup_ms32f031.o(.text))
<BR>[Address Reference Count : 1]<UL><LI> startup_ms32f031.o(RESET)
</UL>
<P><STRONG><a name="[19]"></a>I2C1_IRQHandler</STRONG> (Thumb, 0 bytes, Stack size 0 bytes, startup_ms32f031.o(.text))
<BR>[Address Reference Count : 1]<UL><LI> startup_ms32f031.o(RESET)
</UL>
<P><STRONG><a name="[7]"></a>PVD_IRQHandler</STRONG> (Thumb, 0 bytes, Stack size 0 bytes, startup_ms32f031.o(.text))
<BR>[Address Reference Count : 1]<UL><LI> startup_ms32f031.o(RESET)
</UL>
<P><STRONG><a name="[a]"></a>RCC_IRQHandler</STRONG> (Thumb, 0 bytes, Stack size 0 bytes, startup_ms32f031.o(.text))
<BR>[Address Reference Count : 1]<UL><LI> startup_ms32f031.o(RESET)
</UL>
<P><STRONG><a name="[8]"></a>RTC_IRQHandler</STRONG> (Thumb, 0 bytes, Stack size 0 bytes, startup_ms32f031.o(.text))
<BR>[Address Reference Count : 1]<UL><LI> startup_ms32f031.o(RESET)
</UL>
<P><STRONG><a name="[1a]"></a>SPI1_IRQHandler</STRONG> (Thumb, 0 bytes, Stack size 0 bytes, startup_ms32f031.o(.text))
<BR>[Address Reference Count : 1]<UL><LI> startup_ms32f031.o(RESET)
</UL>
<P><STRONG><a name="[16]"></a>TIM14_IRQHandler</STRONG> (Thumb, 0 bytes, Stack size 0 bytes, startup_ms32f031.o(.text))
<BR>[Address Reference Count : 1]<UL><LI> startup_ms32f031.o(RESET)
</UL>
<P><STRONG><a name="[17]"></a>TIM16_IRQHandler</STRONG> (Thumb, 0 bytes, Stack size 0 bytes, startup_ms32f031.o(.text))
<BR>[Address Reference Count : 1]<UL><LI> startup_ms32f031.o(RESET)
</UL>
<P><STRONG><a name="[18]"></a>TIM17_IRQHandler</STRONG> (Thumb, 0 bytes, Stack size 0 bytes, startup_ms32f031.o(.text))
<BR>[Address Reference Count : 1]<UL><LI> startup_ms32f031.o(RESET)
</UL>
<P><STRONG><a name="[12]"></a>TIM1_BRK_UP_TRG_COM_IRQHandler</STRONG> (Thumb, 0 bytes, Stack size 0 bytes, startup_ms32f031.o(.text))
<BR>[Address Reference Count : 1]<UL><LI> startup_ms32f031.o(RESET)
</UL>
<P><STRONG><a name="[13]"></a>TIM1_CC_IRQHandler</STRONG> (Thumb, 0 bytes, Stack size 0 bytes, startup_ms32f031.o(.text))
<BR>[Address Reference Count : 1]<UL><LI> startup_ms32f031.o(RESET)
</UL>
<P><STRONG><a name="[14]"></a>TIM2_IRQHandler</STRONG> (Thumb, 0 bytes, Stack size 0 bytes, startup_ms32f031.o(.text))
<BR>[Address Reference Count : 1]<UL><LI> startup_ms32f031.o(RESET)
</UL>
<P><STRONG><a name="[15]"></a>TIM3_IRQHandler</STRONG> (Thumb, 0 bytes, Stack size 0 bytes, startup_ms32f031.o(.text))
<BR>[Address Reference Count : 1]<UL><LI> startup_ms32f031.o(RESET)
</UL>
<P><STRONG><a name="[1b]"></a>USART1_IRQHandler</STRONG> (Thumb, 0 bytes, Stack size 0 bytes, startup_ms32f031.o(.text))
<BR>[Address Reference Count : 1]<UL><LI> startup_ms32f031.o(RESET)
</UL>
<P><STRONG><a name="[6]"></a>WWDG_IRQHandler</STRONG> (Thumb, 0 bytes, Stack size 0 bytes, startup_ms32f031.o(.text))
<BR>[Address Reference Count : 1]<UL><LI> startup_ms32f031.o(RESET)
</UL>
<P><STRONG><a name="[38]"></a>__aeabi_uidiv</STRONG> (Thumb, 0 bytes, Stack size 12 bytes, uidiv.o(.text), UNUSED)

<P><STRONG><a name="[2b]"></a>__aeabi_uidivmod</STRONG> (Thumb, 44 bytes, Stack size 12 bytes, uidiv.o(.text))
<BR><BR>[Stack]<UL><LI>Max Depth = 12<LI>Call Chain = __aeabi_uidivmod
</UL>
<BR>[Called By]<UL><LI><a href="#[2a]">&gt;&gt;</a>&nbsp;&nbsp;&nbsp;SysTick_Init
<LI><a href="#[2f]">&gt;&gt;</a>&nbsp;&nbsp;&nbsp;_printf_core
</UL>

<P><STRONG><a name="[21]"></a>__scatterload</STRONG> (Thumb, 28 bytes, Stack size 0 bytes, init.o(.text))
<BR><BR>[Calls]<UL><LI><a href="#[24]">&gt;&gt;</a>&nbsp;&nbsp;&nbsp;__main_after_scatterload
</UL>
<BR>[Called By]<UL><LI><a href="#[20]">&gt;&gt;</a>&nbsp;&nbsp;&nbsp;_main_scatterload
</UL>

<P><STRONG><a name="[39]"></a>__scatterload_rt2</STRONG> (Thumb, 0 bytes, Stack size 0 bytes, init.o(.text), UNUSED)

<P><STRONG><a name="[25]"></a>GPIO_Initialization</STRONG> (Thumb, 74 bytes, Stack size 32 bytes, gpio_cfg.o(i.GPIO_Initialization))
<BR><BR>[Stack]<UL><LI>Max Depth = 64<LI>Call Chain = GPIO_Initialization &rArr; MS32_GPIO_Init &rArr; MS32_AHB1_GRP1_EnableClock
</UL>
<BR>[Calls]<UL><LI><a href="#[26]">&gt;&gt;</a>&nbsp;&nbsp;&nbsp;MS32_GPIO_StructInit
<LI><a href="#[27]">&gt;&gt;</a>&nbsp;&nbsp;&nbsp;MS32_GPIO_Init
</UL>
<BR>[Called By]<UL><LI><a href="#[1c]">&gt;&gt;</a>&nbsp;&nbsp;&nbsp;main
</UL>

<P><STRONG><a name="[27]"></a>MS32_GPIO_Init</STRONG> (Thumb, 302 bytes, Stack size 24 bytes, ms32f0xx_gpio.o(i.MS32_GPIO_Init))
<BR><BR>[Stack]<UL><LI>Max Depth = 32<LI>Call Chain = MS32_GPIO_Init &rArr; MS32_AHB1_GRP1_EnableClock
</UL>
<BR>[Calls]<UL><LI><a href="#[28]">&gt;&gt;</a>&nbsp;&nbsp;&nbsp;MS32_AHB1_GRP1_EnableClock
</UL>
<BR>[Called By]<UL><LI><a href="#[25]">&gt;&gt;</a>&nbsp;&nbsp;&nbsp;GPIO_Initialization
</UL>

<P><STRONG><a name="[26]"></a>MS32_GPIO_StructInit</STRONG> (Thumb, 20 bytes, Stack size 0 bytes, ms32f0xx_gpio.o(i.MS32_GPIO_StructInit))
<BR><BR>[Called By]<UL><LI><a href="#[25]">&gt;&gt;</a>&nbsp;&nbsp;&nbsp;GPIO_Initialization
</UL>

<P><STRONG><a name="[29]"></a>SysTickDelay_Decrement</STRONG> (Thumb, 20 bytes, Stack size 0 bytes, systick_delay.o(i.SysTickDelay_Decrement))
<BR><BR>[Called By]<UL><LI><a href="#[5]">&gt;&gt;</a>&nbsp;&nbsp;&nbsp;SysTick_Handler
</UL>

<P><STRONG><a name="[5]"></a>SysTick_Handler</STRONG> (Thumb, 8 bytes, Stack size 8 bytes, ms32f0xx_it.o(i.SysTick_Handler))
<BR><BR>[Stack]<UL><LI>Max Depth = 8<LI>Call Chain = SysTick_Handler
</UL>
<BR>[Calls]<UL><LI><a href="#[29]">&gt;&gt;</a>&nbsp;&nbsp;&nbsp;SysTickDelay_Decrement
</UL>
<BR>[Address Reference Count : 1]<UL><LI> startup_ms32f031.o(RESET)
</UL>
<P><STRONG><a name="[2a]"></a>SysTick_Init</STRONG> (Thumb, 72 bytes, Stack size 8 bytes, systick_delay.o(i.SysTick_Init))
<BR><BR>[Stack]<UL><LI>Max Depth = 20<LI>Call Chain = SysTick_Init &rArr; __aeabi_uidivmod
</UL>
<BR>[Calls]<UL><LI><a href="#[2c]">&gt;&gt;</a>&nbsp;&nbsp;&nbsp;__NVIC_SetPriority
<LI><a href="#[2b]">&gt;&gt;</a>&nbsp;&nbsp;&nbsp;__aeabi_uidivmod
</UL>
<BR>[Called By]<UL><LI><a href="#[1c]">&gt;&gt;</a>&nbsp;&nbsp;&nbsp;main
</UL>

<P><STRONG><a name="[31]"></a>SysTick_Ms</STRONG> (Thumb, 20 bytes, Stack size 8 bytes, systick_delay.o(i.SysTick_Ms))
<BR><BR>[Stack]<UL><LI>Max Depth = 8<LI>Call Chain = SysTick_Ms
</UL>
<BR>[Called By]<UL><LI><a href="#[1c]">&gt;&gt;</a>&nbsp;&nbsp;&nbsp;main
</UL>

<P><STRONG><a name="[1d]"></a>SystemInit</STRONG> (Thumb, 100 bytes, Stack size 8 bytes, system_ms32f0xx.o(i.SystemInit))
<BR><BR>[Stack]<UL><LI>Max Depth = 20<LI>Call Chain = SystemInit &rArr; SetSysClock
</UL>
<BR>[Calls]<UL><LI><a href="#[2d]">&gt;&gt;</a>&nbsp;&nbsp;&nbsp;SetSysClock
</UL>
<BR>[Address Reference Count : 1]<UL><LI> startup_ms32f031.o(.text)
</UL>
<P><STRONG><a name="[2e]"></a>__0printf$1</STRONG> (Thumb, 24 bytes, Stack size 24 bytes, printf1.o(i.__0printf$1), UNUSED)
<BR><BR>[Calls]<UL><LI><a href="#[2f]">&gt;&gt;</a>&nbsp;&nbsp;&nbsp;_printf_core
</UL>

<P><STRONG><a name="[3a]"></a>__1printf$1</STRONG> (Thumb, 0 bytes, Stack size 24 bytes, printf1.o(i.__0printf$1), UNUSED)

<P><STRONG><a name="[30]"></a>__2printf</STRONG> (Thumb, 0 bytes, Stack size 24 bytes, printf1.o(i.__0printf$1))
<BR><BR>[Stack]<UL><LI>Max Depth = 24<LI>Call Chain = __2printf
</UL>
<BR>[Called By]<UL><LI><a href="#[1c]">&gt;&gt;</a>&nbsp;&nbsp;&nbsp;main
</UL>

<P><STRONG><a name="[3b]"></a>__scatterload_copy</STRONG> (Thumb, 14 bytes, Stack size unknown bytes, handlers.o(i.__scatterload_copy), UNUSED)

<P><STRONG><a name="[3c]"></a>__scatterload_null</STRONG> (Thumb, 2 bytes, Stack size unknown bytes, handlers.o(i.__scatterload_null), UNUSED)

<P><STRONG><a name="[3d]"></a>__scatterload_zeroinit</STRONG> (Thumb, 14 bytes, Stack size unknown bytes, handlers.o(i.__scatterload_zeroinit), UNUSED)

<P><STRONG><a name="[1f]"></a>fputc</STRONG> (Thumb, 30 bytes, Stack size 0 bytes, main.o(i.fputc))
<BR>[Address Reference Count : 1]<UL><LI> printf1.o(i.__0printf$1)
</UL>
<P><STRONG><a name="[1c]"></a>main</STRONG> (Thumb, 62 bytes, Stack size 0 bytes, main.o(i.main))
<BR><BR>[Stack]<UL><LI>Max Depth = 64<LI>Call Chain = main &rArr; GPIO_Initialization &rArr; MS32_GPIO_Init &rArr; MS32_AHB1_GRP1_EnableClock
</UL>
<BR>[Calls]<UL><LI><a href="#[31]">&gt;&gt;</a>&nbsp;&nbsp;&nbsp;SysTick_Ms
<LI><a href="#[2a]">&gt;&gt;</a>&nbsp;&nbsp;&nbsp;SysTick_Init
<LI><a href="#[25]">&gt;&gt;</a>&nbsp;&nbsp;&nbsp;GPIO_Initialization
<LI><a href="#[30]">&gt;&gt;</a>&nbsp;&nbsp;&nbsp;__2printf
</UL>
<BR>[Address Reference Count : 1]<UL><LI> entry9a.o(.ARM.Collect$$$$0000000B)
</UL><P>
<H3>
Local Symbols
</H3>
<P><STRONG><a name="[2d]"></a>SetSysClock</STRONG> (Thumb, 126 bytes, Stack size 12 bytes, system_ms32f0xx.o(i.SetSysClock))
<BR><BR>[Stack]<UL><LI>Max Depth = 12<LI>Call Chain = SetSysClock
</UL>
<BR>[Called By]<UL><LI><a href="#[1d]">&gt;&gt;</a>&nbsp;&nbsp;&nbsp;SystemInit
</UL>

<P><STRONG><a name="[2c]"></a>__NVIC_SetPriority</STRONG> (Thumb, 110 bytes, Stack size 8 bytes, systick_delay.o(i.__NVIC_SetPriority))
<BR><BR>[Stack]<UL><LI>Max Depth = 8<LI>Call Chain = __NVIC_SetPriority
</UL>
<BR>[Called By]<UL><LI><a href="#[2a]">&gt;&gt;</a>&nbsp;&nbsp;&nbsp;SysTick_Init
</UL>

<P><STRONG><a name="[28]"></a>MS32_AHB1_GRP1_EnableClock</STRONG> (Thumb, 24 bytes, Stack size 8 bytes, ms32f0xx_gpio.o(i.MS32_AHB1_GRP1_EnableClock))
<BR><BR>[Stack]<UL><LI>Max Depth = 8<LI>Call Chain = MS32_AHB1_GRP1_EnableClock
</UL>
<BR>[Called By]<UL><LI><a href="#[27]">&gt;&gt;</a>&nbsp;&nbsp;&nbsp;MS32_GPIO_Init
</UL>

<P><STRONG><a name="[2f]"></a>_printf_core</STRONG> (Thumb, 332 bytes, Stack size 88 bytes, printf1.o(i._printf_core), UNUSED)
<BR><BR>[Calls]<UL><LI><a href="#[2b]">&gt;&gt;</a>&nbsp;&nbsp;&nbsp;__aeabi_uidivmod
</UL>
<BR>[Called By]<UL><LI><a href="#[2e]">&gt;&gt;</a>&nbsp;&nbsp;&nbsp;__0printf$1
</UL>
<P>
<H3>
Undefined Global Symbols
</H3>
<P><STRONG><a name="[23]"></a>__arm_fini_</STRONG> (Unknown, 0 bytes, Stack size 0 bytes, UNDEFINED)
<BR><BR>[Called By]<UL><LI><a href="#[22]">&gt;&gt;</a>&nbsp;&nbsp;&nbsp;__rt_lib_shutdown_fini
</UL>
<HR></body></html>
